0 verbose cli D:\Proyectodefinitivo\node.exe D:\Proyectodefinitivo\node_modules\npm\bin\npm-cli.js
1 info using npm@11.19.1
2 info using node@v26.8.2
3 silly config load:file:D:\Proyectodefinitivo\node_modules\npm\npmrc
4 silly config load:file:C:\Users\belen\AppData\Local\Microsoft\TypeScript\6.0\.npmrc
5 silly config load:file:C:\Users\belen\.npmrc
6 silly config load:file:D:\proyectoweb\.npm-prefix\etc\npmrc
7 verbose title npm install types-registry@latest
8 verbose argv "install" "--ignore-scripts" "types-registry@latest"
9 verbose logfile logs-max:10 dir:D:\proyectoweb\.npm-cache\_logs\2026-09-19T16_37_22_536Z-
10 verbose logfile D:\proyectoweb\.npm-cache\_logs\2026-09-19T16_37_22_536Z-debug-0.log
11 silly logfile start cleaning logs, removing 1 files
12 silly packumentCache heap:2248146944 maxSize:562036736 maxEntrySize:281018368
13 silly logfile done cleaning log files
14 silly packumentCache corgi:https://registry.npmjs.org/types-registry cache-miss
15 http fetch GET 200 https://registry.npmjs.org/types-registry 411ms (cache revalidated)
16 silly packumentCache corgi:https://registry.npmjs.org/types-registry set size:635116 disposed:false
17 silly idealTree buildDeps
18 silly fetch manifest types-registry@0.1.787
19 silly packumentCache full:https://registry.npmjs.org/types-registry cache-miss
20 http fetch GET 200 https://registry.npmjs.org/types-registry 101ms (cache revalidated)
21 silly packumentCache full:https://registry.npmjs.org/types-registry set size:1384365 disposed:false
22 silly placeDep ROOT types-registry@0.1.787 REPLACE for:  want: 0.1.787
23 silly reify moves {}
24 silly audit bulk request {
24 silly audit   '@dimforge/rapier3d-compat': [ '0.12.0' ],
24 silly audit   '@tweenjs/tween.js': [ '23.1.3' ],
24 silly audit   '@types/body-parser': [ '1.19.6' ],
24 silly audit   '@types/connect': [ '3.4.38' ],
24 silly audit   '@types/cors': [ '2.8.19' ],
24 silly audit   '@types/express': [ '5.0.6' ],
24 silly audit   '@types/express-serve-static-core': [ '5.1.1' ],
24 silly audit   '@types/http-errors': [ '2.0.5' ],
24 silly audit   '@types/less': [ '3.0.8' ],
24 silly audit   '@types/node': [ '25.9.3' ],
24 silly audit   '@types/qs': [ '6.15.1' ],
24 silly audit   '@types/range-parser': [ '1.2.7' ],
24 silly audit   '@types/react': [ '19.3.0' ],
24 silly audit   '@types/react-dom': [ '19.3.0' ],
24 silly audit   '@types/send': [ '1.2.1' ],
24 silly audit   '@types/serve-static': [ '2.2.0' ],
24 silly audit   '@types/stats.js': [ '0.17.4' ],
24 silly audit   '@types/stylus': [ '0.48.43' ],
24 silly audit   '@types/three': [ '0.186.0' ],
24 silly audit   '@types/webxr': [ '0.5.24' ],
24 silly audit   csstype: [ '3.2.3' ],
24 silly audit   fflate: [ '0.8.3' ],
24 silly audit   meshoptimizer: [ '1.1.1' ],
24 silly audit   'undici-types': [ '7.24.6' ],
24 silly audit   'types-registry': [ '0.1.787' ]
24 silly audit }
25 http fetch POST 200 https://registry.npmjs.org/-/npm/v1/security/advisories/bulk 231ms
26 silly audit report {}
27 verbose cwd C:\Users\belen\AppData\Local\Microsoft\TypeScript\6.0
28 verbose os Windows_NT 10.0.19045
29 verbose node v26.8.2
30 verbose npm  v11.19.1
31 verbose exit 0
32 info ok
