0 verbose cli D:\Proyectodefinitivo\node.exe D:\Proyectodefinitivo\node_modules\npm\bin\npm-cli.js
1 info using npm@11.19.1
2 info using node@v26.8.2
3 silly config load:file:D:\Proyectodefinitivo\node_modules\npm\npmrc
4 silly config load:file:D:\proyectoweb\.npmrc
5 silly config load:file:C:\Users\belen\.npmrc
6 silly config load:file:D:\proyectoweb\.npm-prefix\etc\npmrc
7 verbose title npm list gsap
8 verbose argv "list" "gsap"
9 verbose logfile logs-max:10 dir:D:\proyectoweb\.npm-cache\_logs\2026-09-19T18_03_40_705Z-
10 verbose logfile D:\proyectoweb\.npm-cache\_logs\2026-09-19T18_03_40_705Z-debug-0.log
11 silly logfile start cleaning logs, removing 1 files
12 silly packumentCache heap:2248146944 maxSize:562036736 maxEntrySize:281018368
13 silly logfile done cleaning log files
14 verbose cwd D:\proyectoweb
15 verbose os Windows_NT 10.0.19045
16 verbose node v26.8.2
17 verbose npm  v11.19.1
18 verbose exit 0
19 info ok
